******************************************************************************
             TMS320C2000 Linker PC v6.1.0                      
******************************************************************************
>> Linked Tue Jul 24 19:43:39 2012

OUTPUT FILE NAME:   <Lab3.out>
ENTRY POINT SYMBOL: "_c_int00"  address: 00008288


MEMORY CONFIGURATION

         name            origin    length      used     unused   attr    fill
----------------------  --------  ---------  --------  --------  ----  --------
PAGE 0:
  BEGIN_M0              00000000   00000002  00000002  00000000  RWIX
  L0SARAM               00008000   00001000  000004f7  00000b09  RWIX
  RESET                 003fffc0   00000002  00000000  00000002  RWIX

PAGE 1:
  M0SARAM               00000002   000003fe  00000042  000003bc  RWIX
  M1SARAM               00000400   00000400  00000200  00000200  RWIX
  DEV_EMU               00000880   00000105  00000004  00000101  RWIX
  SYS_PWR_CTL           00000985   00000003  00000003  00000000  RWIX
  FLASH_REGS            00000a80   00000060  00000008  00000058  RWIX
  CSM                   00000ae0   00000010  00000010  00000000  RWIX
  ADC_RESULT            00000b00   00000020  00000020  00000000  RWIX
  CPU_TIMER0            00000c00   00000008  00000008  00000000  RWIX
  CPU_TIMER1            00000c08   00000008  00000008  00000000  RWIX
  CPU_TIMER2            00000c10   00000008  00000008  00000000  RWIX
  PIE_CTRL              00000ce0   00000020  0000001a  00000006  RWIX
  PIE_VECT              00000d00   00000100  00000100  00000000  RWIX
  COMP1                 00006400   00000020  00000011  0000000f  RWIX
  COMP2                 00006420   00000020  00000011  0000000f  RWIX
  EPWM1                 00006800   00000040  0000003a  00000006  RWIX
  EPWM2                 00006840   00000040  0000003a  00000006  RWIX
  EPWM3                 00006880   00000040  0000003a  00000006  RWIX
  EPWM4                 000068c0   00000040  0000003a  00000006  RWIX
  ECAP1                 00006a00   00000020  00000020  00000000  RWIX
  GPIOCTRL              00006f80   00000040  00000040  00000000  RWIX
  GPIODAT               00006fc0   00000020  00000020  00000000  RWIX
  GPIOINT               00006fe0   00000020  0000000a  00000016  RWIX
  SYSTEM                00007010   00000020  0000001f  00000001  RWIX
  SPIA                  00007040   00000010  00000010  00000000  RWIX
  SCIA                  00007050   00000010  00000010  00000000  RWIX
  NMIINTRUPT            00007060   00000010  00000010  00000000  RWIX
  XINTRUPT              00007070   00000010  00000010  00000000  RWIX
  ADC                   00007100   00000080  00000050  00000030  RWIX
  I2CA                  00007900   00000040  00000022  0000001e  RWIX
  PARTID                003d7fff   00000001  00000001  00000000  RWIX
  CSM_PWL               003f7ff8   00000008  00000008  00000000  RWIX


SECTION ALLOCATION MAP

 output                                  attributes/
section   page    origin      length       input sections
--------  ----  ----------  ----------   ----------------
.pinit     0    00008000    00000000     UNINITIALIZED

codestart 
*          0    00000000    00000002     
                  00000000    00000002     CodeStartBranch.obj (codestart)

.text      0    00008000    000003d4     
                  00008000    000001a3     DefaultIsr_3_4.obj (.text:retain)
                  000081a3    00000083     Gpio.obj (.text)
                  00008226    00000062     SysCtrl.obj (.text)
                  00008288    00000044     rts2800_ml.lib : boot.obj (.text)
                  000082cc    00000039     EPwm.obj (.text)
                  00008305    00000034     Adc.obj (.text)
                  00008339    0000002b     PieCtrl.obj (.text)
                  00008364    00000019     rts2800_ml.lib : args_main.obj (.text)
                  0000837d    00000019                    : exit.obj (.text)
                  00008396    00000010     DelayUs.obj (.text)
                  000083a6    0000000f     Main_3.obj (.text)
                  000083b5    0000000f     Watchdog.obj (.text)
                  000083c4    00000009     rts2800_ml.lib : _lock.obj (.text)
                  000083cd    00000007     CodeStartBranch.obj (.text)

.econst    0    000083d4    00000100     
                  000083d4    00000100     PieVect.obj (.econst)

.cinit     0    000084d4    00000023     
                  000084d4    0000000a     rts2800_ml.lib : _lock.obj (.cinit)
                  000084de    0000000a                    : exit.obj (.cinit)
                  000084e8    00000009     DefaultIsr_3_4.obj (.cinit)
                  000084f1    00000004     Main_3.obj (.cinit)
                  000084f5    00000002     --HOLE-- [fill = 0]

.reset     0    003fffc0    00000002     DSECT
                  003fffc0    00000002     rts2800_ml.lib : boot.obj (.reset)

.bss       1    00000002    00000000     UNINITIALIZED

.ebss      1    00000002    00000042     UNINITIALIZED
                  00000002    00000033     Main_3.obj (.ebss)
                  00000035    00000001     --HOLE--
                  00000036    00000004     DefaultIsr_3_4.obj (.ebss)
                  0000003a    00000004     rts2800_ml.lib : _lock.obj (.ebss)
                  0000003e    00000002     --HOLE--
                  00000040    00000004                    : exit.obj (.ebss)

.stack     1    00000400    00000200     UNINITIALIZED
                  00000400    00000200     --HOLE--

DevEmuRegsFile 
*          1    00000880    00000004     UNINITIALIZED
                  00000880    00000004     DSP2802x_GlobalVariableDefs.obj (DevEmuRegsFile)

SysPwrCtrlRegsFile 
*          1    00000985    00000003     UNINITIALIZED
                  00000985    00000003     DSP2802x_GlobalVariableDefs.obj (SysPwrCtrlRegsFile)

FlashRegsFile 
*          1    00000a80    00000008     UNINITIALIZED
                  00000a80    00000008     DSP2802x_GlobalVariableDefs.obj (FlashRegsFile)

CsmRegsFile 
*          1    00000ae0    00000010     UNINITIALIZED
                  00000ae0    00000010     DSP2802x_GlobalVariableDefs.obj (CsmRegsFile)

AdcResultFile 
*          1    00000b00    00000020     UNINITIALIZED
                  00000b00    00000020     DSP2802x_GlobalVariableDefs.obj (AdcResultFile)

CpuTimer0RegsFile 
*          1    00000c00    00000008     UNINITIALIZED
                  00000c00    00000008     DSP2802x_GlobalVariableDefs.obj (CpuTimer0RegsFile)

CpuTimer1RegsFile 
*          1    00000c08    00000008     UNINITIALIZED
                  00000c08    00000008     DSP2802x_GlobalVariableDefs.obj (CpuTimer1RegsFile)

CpuTimer2RegsFile 
*          1    00000c10    00000008     UNINITIALIZED
                  00000c10    00000008     DSP2802x_GlobalVariableDefs.obj (CpuTimer2RegsFile)

PieCtrlRegsFile 
*          1    00000ce0    0000001a     UNINITIALIZED
                  00000ce0    0000001a     DSP2802x_GlobalVariableDefs.obj (PieCtrlRegsFile)

PieVectTableFile 
*          1    00000d00    00000100     UNINITIALIZED
                  00000d00    00000100     DSP2802x_GlobalVariableDefs.obj (PieVectTableFile)

EmuKeyVar 
*          1    00000d00    00000001     UNINITIALIZED
                  00000d00    00000001     DSP2802x_GlobalVariableDefs.obj (EmuKeyVar)

EmuBModeVar 
*          1    00000d01    00000001     UNINITIALIZED
                  00000d01    00000001     DSP2802x_GlobalVariableDefs.obj (EmuBModeVar)

FlashCallbackVar 
*          1    00000d02    00000002     UNINITIALIZED
                  00000d02    00000002     DSP2802x_GlobalVariableDefs.obj (FlashCallbackVar)

FlashScalingVar 
*          1    00000d04    00000002     UNINITIALIZED
                  00000d04    00000002     DSP2802x_GlobalVariableDefs.obj (FlashScalingVar)

Comp1RegsFile 
*          1    00006400    00000011     UNINITIALIZED
                  00006400    00000011     DSP2802x_GlobalVariableDefs.obj (Comp1RegsFile)

Comp2RegsFile 
*          1    00006420    00000011     UNINITIALIZED
                  00006420    00000011     DSP2802x_GlobalVariableDefs.obj (Comp2RegsFile)

EPwm1RegsFile 
*          1    00006800    0000003a     UNINITIALIZED
                  00006800    0000003a     DSP2802x_GlobalVariableDefs.obj (EPwm1RegsFile)

EPwm2RegsFile 
*          1    00006840    0000003a     UNINITIALIZED
                  00006840    0000003a     DSP2802x_GlobalVariableDefs.obj (EPwm2RegsFile)

EPwm3RegsFile 
*          1    00006880    0000003a     UNINITIALIZED
                  00006880    0000003a     DSP2802x_GlobalVariableDefs.obj (EPwm3RegsFile)

EPwm4RegsFile 
*          1    000068c0    0000003a     UNINITIALIZED
                  000068c0    0000003a     DSP2802x_GlobalVariableDefs.obj (EPwm4RegsFile)

ECap1RegsFile 
*          1    00006a00    00000020     UNINITIALIZED
                  00006a00    00000020     DSP2802x_GlobalVariableDefs.obj (ECap1RegsFile)

GpioCtrlRegsFile 
*          1    00006f80    00000040     UNINITIALIZED
                  00006f80    00000040     DSP2802x_GlobalVariableDefs.obj (GpioCtrlRegsFile)

GpioDataRegsFile 
*          1    00006fc0    00000020     UNINITIALIZED
                  00006fc0    00000020     DSP2802x_GlobalVariableDefs.obj (GpioDataRegsFile)

GpioIntRegsFile 
*          1    00006fe0    0000000a     UNINITIALIZED
                  00006fe0    0000000a     DSP2802x_GlobalVariableDefs.obj (GpioIntRegsFile)

SysCtrlRegsFile 
*          1    00007010    0000001f     UNINITIALIZED
                  00007010    0000001f     DSP2802x_GlobalVariableDefs.obj (SysCtrlRegsFile)

SpiaRegsFile 
*          1    00007040    00000010     UNINITIALIZED
                  00007040    00000010     DSP2802x_GlobalVariableDefs.obj (SpiaRegsFile)

SciaRegsFile 
*          1    00007050    00000010     UNINITIALIZED
                  00007050    00000010     DSP2802x_GlobalVariableDefs.obj (SciaRegsFile)

NmiIntruptRegsFile 
*          1    00007060    00000010     UNINITIALIZED
                  00007060    00000010     DSP2802x_GlobalVariableDefs.obj (NmiIntruptRegsFile)

XIntruptRegsFile 
*          1    00007070    00000010     UNINITIALIZED
                  00007070    00000010     DSP2802x_GlobalVariableDefs.obj (XIntruptRegsFile)

AdcRegsFile 
*          1    00007100    00000050     UNINITIALIZED
                  00007100    00000050     DSP2802x_GlobalVariableDefs.obj (AdcRegsFile)

I2caRegsFile 
*          1    00007900    00000022     UNINITIALIZED
                  00007900    00000022     DSP2802x_GlobalVariableDefs.obj (I2caRegsFile)

PartIdRegsFile 
*          1    003d7fff    00000001     UNINITIALIZED
                  003d7fff    00000001     DSP2802x_GlobalVariableDefs.obj (PartIdRegsFile)

CsmPwlFile 
*          1    003f7ff8    00000008     UNINITIALIZED
                  003f7ff8    00000008     DSP2802x_GlobalVariableDefs.obj (CsmPwlFile)


GLOBAL SYMBOLS: SORTED ALPHABETICALLY BY Name 

address    name
--------   ----
00000002   .bss
00008000   .text
0000837d   C$$EXIT
0000805f   _ADCINT1_ISR
000080a2   _ADCINT2_ISR
0000815f   _ADCINT3_ISR
00008168   _ADCINT4_ISR
00008171   _ADCINT5_ISR
0000817a   _ADCINT6_ISR
00008183   _ADCINT7_ISR
0000818c   _ADCINT8_ISR
000080bd   _ADCINT9_ISR
00000003   _AdcBuf
00007100   _AdcRegs
00000b00   _AdcResult
00006400   _Comp1Regs
00006420   _Comp2Regs
00000c00   _CpuTimer0Regs
00000c08   _CpuTimer1Regs
00000c10   _CpuTimer2Regs
003f7ff8   _CsmPwl
00000ae0   _CsmRegs
0000800a   _DATALOG_ISR
00000002   _DEBUG_TOGGLE
00008396   _DelayUs
00000880   _DevEmuRegs
00008120   _ECAP1_INT_ISR
00006a00   _ECap1Regs
00008014   _EMUINT_ISR
000080fc   _EPWM1_INT_ISR
000080d8   _EPWM1_TZINT_ISR
00008105   _EPWM2_INT_ISR
000080e1   _EPWM2_TZINT_ISR
0000810e   _EPWM3_INT_ISR
000080ea   _EPWM3_TZINT_ISR
00008117   _EPWM4_INT_ISR
000080f3   _EPWM4_TZINT_ISR
00006800   _EPwm1Regs
00006840   _EPwm2Regs
00006880   _EPwm3Regs
000068c0   _EPwm4Regs
00000d01   _EmuBMode
00000d00   _EmuKey
00000a80   _FlashRegs
00000d04   _Flash_CPUScaleFactor
00000d02   _Flash_CallbackPtr
00006f80   _GpioCtrlRegs
00006fc0   _GpioDataRegs
00006fe0   _GpioIntRegs
0000813b   _I2CINT1A_ISR
00008144   _I2CINT2A_ISR
00007900   _I2caRegs
0000801e   _ILLEGAL_ISR
00008000   _INT13_ISR
00008005   _INT14_ISR
00008305   _InitAdc
000082cc   _InitEPwm
000081a3   _InitGpio
00008339   _InitPieCtrl
00008226   _InitSysCtrl
000083b5   _InitWatchdog
00008019   _NMI_ISR
00007060   _NmiIntruptRegs
003d7fff   _PartIdRegs
00000ce0   _PieCtrlRegs
00000d00   _PieVectTable
000083d4   _PieVectTableInit
0000800f   _RTOSINT_ISR
0000814d   _SCIRXINTA_ISR
00008156   _SCITXINTA_ISR
00008129   _SPIRXINTA_ISR
00008132   _SPITXINTA_ISR
00007050   _SciaRegs
00007040   _SpiaRegs
00007010   _SysCtrlRegs
00000985   _SysPwrCtrlRegs
000080c6   _TINT0_ISR
00008050   _USER10_ISR
00008055   _USER11_ISR
0000805a   _USER12_ISR
00008023   _USER1_ISR
00008028   _USER2_ISR
0000802d   _USER3_ISR
00008032   _USER4_ISR
00008037   _USER5_ISR
0000803c   _USER6_ISR
00008041   _USER7_ISR
00008046   _USER8_ISR
0000804b   _USER9_ISR
000080cf   _WAKEINT_ISR
000080ab   _XINT1_ISR
000080b4   _XINT2_ISR
00008195   _XINT3_ISR
00007070   _XIntruptRegs
00000600   __STACK_END
00000200   __STACK_SIZE
00000001   __TI_args_main
ffffffff   ___binit__
00000002   ___bss__
ffffffff   ___c_args__
000084d4   ___cinit__
00000002   ___end__
000083d4   ___etext__
ffffffff   ___pinit__
00008000   ___text__
00008364   __args_main
00000040   __cleanup_ptr
00000042   __dtors_ptr
0000003c   __lock
000083cc   __nop
000083c8   __register_lock
000083c4   __register_unlock
00000400   __stack
0000003a   __unlock
0000837d   _abort
00008288   _c_int00
0000837f   _exit
000083a6   _main
0000819e   _rsvd_ISR
ffffffff   binit
000084d4   cinit
00000002   end
000083d4   etext
ffffffff   pinit


GLOBAL SYMBOLS: SORTED BY Symbol Address 

address    name
--------   ----
00000001   __TI_args_main
00000002   .bss
00000002   _DEBUG_TOGGLE
00000002   ___bss__
00000002   ___end__
00000002   end
00000003   _AdcBuf
0000003a   __unlock
0000003c   __lock
00000040   __cleanup_ptr
00000042   __dtors_ptr
00000200   __STACK_SIZE
00000400   __stack
00000600   __STACK_END
00000880   _DevEmuRegs
00000985   _SysPwrCtrlRegs
00000a80   _FlashRegs
00000ae0   _CsmRegs
00000b00   _AdcResult
00000c00   _CpuTimer0Regs
00000c08   _CpuTimer1Regs
00000c10   _CpuTimer2Regs
00000ce0   _PieCtrlRegs
00000d00   _EmuKey
00000d00   _PieVectTable
00000d01   _EmuBMode
00000d02   _Flash_CallbackPtr
00000d04   _Flash_CPUScaleFactor
00006400   _Comp1Regs
00006420   _Comp2Regs
00006800   _EPwm1Regs
00006840   _EPwm2Regs
00006880   _EPwm3Regs
000068c0   _EPwm4Regs
00006a00   _ECap1Regs
00006f80   _GpioCtrlRegs
00006fc0   _GpioDataRegs
00006fe0   _GpioIntRegs
00007010   _SysCtrlRegs
00007040   _SpiaRegs
00007050   _SciaRegs
00007060   _NmiIntruptRegs
00007070   _XIntruptRegs
00007100   _AdcRegs
00007900   _I2caRegs
00008000   .text
00008000   _INT13_ISR
00008000   ___text__
00008005   _INT14_ISR
0000800a   _DATALOG_ISR
0000800f   _RTOSINT_ISR
00008014   _EMUINT_ISR
00008019   _NMI_ISR
0000801e   _ILLEGAL_ISR
00008023   _USER1_ISR
00008028   _USER2_ISR
0000802d   _USER3_ISR
00008032   _USER4_ISR
00008037   _USER5_ISR
0000803c   _USER6_ISR
00008041   _USER7_ISR
00008046   _USER8_ISR
0000804b   _USER9_ISR
00008050   _USER10_ISR
00008055   _USER11_ISR
0000805a   _USER12_ISR
0000805f   _ADCINT1_ISR
000080a2   _ADCINT2_ISR
000080ab   _XINT1_ISR
000080b4   _XINT2_ISR
000080bd   _ADCINT9_ISR
000080c6   _TINT0_ISR
000080cf   _WAKEINT_ISR
000080d8   _EPWM1_TZINT_ISR
000080e1   _EPWM2_TZINT_ISR
000080ea   _EPWM3_TZINT_ISR
000080f3   _EPWM4_TZINT_ISR
000080fc   _EPWM1_INT_ISR
00008105   _EPWM2_INT_ISR
0000810e   _EPWM3_INT_ISR
00008117   _EPWM4_INT_ISR
00008120   _ECAP1_INT_ISR
00008129   _SPIRXINTA_ISR
00008132   _SPITXINTA_ISR
0000813b   _I2CINT1A_ISR
00008144   _I2CINT2A_ISR
0000814d   _SCIRXINTA_ISR
00008156   _SCITXINTA_ISR
0000815f   _ADCINT3_ISR
00008168   _ADCINT4_ISR
00008171   _ADCINT5_ISR
0000817a   _ADCINT6_ISR
00008183   _ADCINT7_ISR
0000818c   _ADCINT8_ISR
00008195   _XINT3_ISR
0000819e   _rsvd_ISR
000081a3   _InitGpio
00008226   _InitSysCtrl
00008288   _c_int00
000082cc   _InitEPwm
00008305   _InitAdc
00008339   _InitPieCtrl
00008364   __args_main
0000837d   C$$EXIT
0000837d   _abort
0000837f   _exit
00008396   _DelayUs
000083a6   _main
000083b5   _InitWatchdog
000083c4   __register_unlock
000083c8   __register_lock
000083cc   __nop
000083d4   _PieVectTableInit
000083d4   ___etext__
000083d4   etext
000084d4   ___cinit__
000084d4   cinit
003d7fff   _PartIdRegs
003f7ff8   _CsmPwl
ffffffff   ___binit__
ffffffff   ___c_args__
ffffffff   ___pinit__
ffffffff   binit
ffffffff   pinit

[124 symbols]
